register ruby/load
[[0,0.0,0.0],true]
ruby_load "nonexistent.rb"
[
  [
    [
      -3,
      0.0,
      0.0
    ],
    "system call error: No such file or directory: fopen: failed to open mruby script file: <PATH>"
  ],
  {
    "exception": {
      "message": "system call error: No such file or directory: fopen: failed to open mruby script file: <PATH>"
    }
  }
]
#|e| system call error: No such file or directory: fopen: failed to open mruby script file: <PATH>
