table_create Memos TABLE_NO_KEY
[[0,0.0,0.0],true]
column_create Memos content COLUMN_SCALAR Text
[[0,0.0,0.0],true]
table_create RegexpTokens TABLE_PAT_KEY ShortText   --normalizer NormalizerAuto   --default_tokenizer TokenRegexp
[[0,0.0,0.0],true]
column_create RegexpTokens memos_content COLUMN_INDEX|WITH_POSITION   Memos content
[[0,0.0,0.0],true]
load --table Memos
[
{"content": "Groonga"},
{"content": "Rroonga"},
{"content": "PGroonga"}
]
[[0,0.0,0.0],3]
log_level --level info
[[0,0.0,0.0],true]
select Memos --filter 'content @~ "mr.*ga"'
[[0,0.0,0.0],[[[0],[["_id","UInt32"],["content","Text"]]]]]
#|i| [object][search][index][key][regexp] <RegexpTokens.memos_content>
#|i| grn_ii_sel > (mr.*ga)
#|i| exact: 0
#|i| unsplit: 0
#|i| partial: 0
#|i| hits=0
log_level --level notice
[[0,0.0,0.0],true]
