table_create Tags TABLE_PAT_KEY ShortText   --default_tokenizer 'TokenNgram("n", 3)'
[[0,0.0,0.0],true]
dump
table_create Tags TABLE_PAT_KEY ShortText --default_tokenizer "TokenNgram(\"n\", 3)"
truncate Tags
[[0,0.0,0.0],true]
dump
table_create Tags TABLE_PAT_KEY ShortText --default_tokenizer "TokenNgram(\"n\", 3)"
