table_create Logs TABLE_NO_KEY
[[0,0.0,0.0],true]
column_create Logs content COLUMN_SCALAR ShortText
[[0,0.0,0.0],true]
column_create Logs timestamp COLUMN_SCALAR Time
[[0,0.0,0.0],true]
select Logs   --command_version 2   --output_columns _key,*
[[0,0.0,0.0],[[[0],[["content","ShortText"],[null,null]]]]]
