table_create Tags TABLE_PAT_KEY ShortText --normalizer NormalizerAuto
[[0,0.0,0.0],true]
schema
[
  [
    0,
    0.0,
    0.0
  ],
  {
    "plugins": {
    },
    "types": {
      "Bool": {
        "name": "Bool",
        "size": 1,
        "can_be_key_type": true,
        "can_be_value_type": true
      },
      "Float": {
        "name": "Float",
        "size": 8,
        "can_be_key_type": true,
        "can_be_value_type": true
      },
      "Int16": {
        "name": "Int16",
        "size": 2,
        "can_be_key_type": true,
        "can_be_value_type": true
      },
      "Int32": {
        "name": "Int32",
        "size": 4,
        "can_be_key_type": true,
        "can_be_value_type": true
      },
      "Int64": {
        "name": "Int64",
        "size": 8,
        "can_be_key_type": true,
        "can_be_value_type": true
      },
      "Int8": {
        "name": "Int8",
        "size": 1,
        "can_be_key_type": true,
        "can_be_value_type": true
      },
      "LongText": {
        "name": "LongText",
        "size": 2147483648,
        "can_be_key_type": false,
        "can_be_value_type": false
      },
      "Object": {
        "name": "Object",
        "size": 8,
        "can_be_key_type": true,
        "can_be_value_type": true
      },
      "ShortText": {
        "name": "ShortText",
        "size": 4096,
        "can_be_key_type": true,
        "can_be_value_type": false
      },
      "Text": {
        "name": "Text",
        "size": 65536,
        "can_be_key_type": false,
        "can_be_value_type": false
      },
      "Time": {
        "name": "Time",
        "size": 8,
        "can_be_key_type": true,
        "can_be_value_type": true
      },
      "TokyoGeoPoint": {
        "name": "TokyoGeoPoint",
        "size": 8,
        "can_be_key_type": true,
        "can_be_value_type": true
      },
      "UInt16": {
        "name": "UInt16",
        "size": 2,
        "can_be_key_type": true,
        "can_be_value_type": true
      },
      "UInt32": {
        "name": "UInt32",
        "size": 4,
        "can_be_key_type": true,
        "can_be_value_type": true
      },
      "UInt64": {
        "name": "UInt64",
        "size": 8,
        "can_be_key_type": true,
        "can_be_value_type": true
      },
      "UInt8": {
        "name": "UInt8",
        "size": 1,
        "can_be_key_type": true,
        "can_be_value_type": true
      },
      "WGS84GeoPoint": {
        "name": "WGS84GeoPoint",
        "size": 8,
        "can_be_key_type": true,
        "can_be_value_type": true
      }
    },
    "tokenizers": {
      "TokenBigram": {
        "name": "TokenBigram"
      },
      "TokenBigramIgnoreBlank": {
        "name": "TokenBigramIgnoreBlank"
      },
      "TokenBigramIgnoreBlankSplitSymbol": {
        "name": "TokenBigramIgnoreBlankSplitSymbol"
      },
      "TokenBigramIgnoreBlankSplitSymbolAlpha": {
        "name": "TokenBigramIgnoreBlankSplitSymbolAlpha"
      },
      "TokenBigramIgnoreBlankSplitSymbolAlphaDigit": {
        "name": "TokenBigramIgnoreBlankSplitSymbolAlphaDigit"
      },
      "TokenBigramSplitSymbol": {
        "name": "TokenBigramSplitSymbol"
      },
      "TokenBigramSplitSymbolAlpha": {
        "name": "TokenBigramSplitSymbolAlpha"
      },
      "TokenBigramSplitSymbolAlphaDigit": {
        "name": "TokenBigramSplitSymbolAlphaDigit"
      },
      "TokenDelimit": {
        "name": "TokenDelimit"
      },
      "TokenDelimitNull": {
        "name": "TokenDelimitNull"
      },
      "TokenMecab": {
        "name": "TokenMecab"
      },
      "TokenRegexp": {
        "name": "TokenRegexp"
      },
      "TokenTrigram": {
        "name": "TokenTrigram"
      },
      "TokenUnigram": {
        "name": "TokenUnigram"
      }
    },
    "normalizers": {
      "NormalizerAuto": {
        "name": "NormalizerAuto"
      },
      "NormalizerNFKC51": {
        "name": "NormalizerNFKC51"
      }
    },
    "token_filters": {
    },
    "tables": {
      "Tags": {
        "name": "Tags",
        "type": "patricia trie",
        "key_type": {
          "name": "ShortText",
          "type": "type"
        },
        "value_type": null,
        "tokenizer": null,
        "normalizer": {
          "name": "NormalizerAuto"
        },
        "token_filters": [

        ],
        "indexes": [

        ],
        "command": {
          "name": "table_create",
          "arguments": {
            "name": "Tags",
            "flags": "TABLE_PAT_KEY",
            "key_type": "ShortText",
            "normalizer": "NormalizerAuto"
          },
          "command_line": "table_create --name Tags --flags TABLE_PAT_KEY --key_type ShortText --normalizer NormalizerAuto"
        },
        "columns": {
        }
      }
    }
  }
]
