table_create Users TABLE_NO_KEY
[[0,0.0,0.0],true]
column_create Users name COLUMN_SCALAR ShortText
[[0,0.0,0.0],true]
table_create Names TABLE_HASH_KEY ShortText --normalizer NormalizerAuto
[[0,0.0,0.0],true]
column_create Names users_name COLUMN_INDEX Users name
[[0,0.0,0.0],true]
load --table Users
[
{"name": "Alice"},
{"name": "Alisa"},
{"name": "Bob"}
]
[[0,0.0,0.0],3]
log_level --level info
[[0,0.0,0.0],true]
select Users   --filter '_id > 1'   --slices[name].filter 'name == "bob"'   --slices[name].output_columns _id,name,_score
[
  [
    0,
    0.0,
    0.0
  ],
  [
    [
      [
        2
      ],
      [
        [
          "_id",
          "UInt32"
        ],
        [
          "name",
          "ShortText"
        ]
      ],
      [
        2,
        "Alisa"
      ],
      [
        3,
        "Bob"
      ]
    ],
    {
      "name": [
        [
          1
        ],
        [
          [
            "_id",
            "UInt32"
          ],
          [
            "name",
            "ShortText"
          ],
          [
            "_score",
            "Int32"
          ]
        ],
        [
          3,
          "Bob",
          1
        ]
      ]
    }
  ]
]
#|i| [object][search][index][key][equal] <Names.users_name>
#|i| [accessor][resolve][table] (temporary) -> <Users>
log_level --level notice
[[0,0.0,0.0],true]
