table_create Entries TABLE_NO_KEY
[[0,0.0,0.0],true]
column_create Entries body COLUMN_SCALAR ShortText
[[0,0.0,0.0],true]
table_create Terms TABLE_PAT_KEY ShortText   --default_tokenizer 'TokenNgram("loose_symbol", true, "loose_blank", true, "report_source_location", true)'   --normalizer 'NormalizerNFKC100("unify_hyphen_and_prolonged_sound_mark", true)'
[[0,0.0,0.0],true]
column_create Terms document_index COLUMN_INDEX|WITH_POSITION Entries body
[[0,0.0,0.0],true]
load --table Entries
[
{"body": "Loose: telephone <090ー１２３４（5678）> number"}
]
[[0,0.0,0.0],1]
select Entries   --match_columns body   --query '"(090)1234 5678"'   --output_columns 'highlight_html(body, Terms)'
[
  [
    0,
    0.0,
    0.0
  ],
  [
    [
      [
        1
      ],
      [
        [
          "highlight_html",
          null
        ]
      ],
      [
        "Loose: telephone<span class=\"keyword\"> &lt;090ー１２３４（5678</span>）&gt; number"
      ]
    ]
  ]
]
