tokenize   'TokenNgram("unify_symbol", false)'   "___---"   NormalizerAuto
[
  [
    0,
    0.0,
    0.0
  ],
  [
    {
      "value": "__",
      "position": 0,
      "force_prefix": false,
      "force_prefix_search": false
    },
    {
      "value": "__",
      "position": 1,
      "force_prefix": false,
      "force_prefix_search": false
    },
    {
      "value": "_-",
      "position": 2,
      "force_prefix": false,
      "force_prefix_search": false
    },
    {
      "value": "--",
      "position": 3,
      "force_prefix": false,
      "force_prefix_search": false
    },
    {
      "value": "--",
      "position": 4,
      "force_prefix": false,
      "force_prefix_search": false
    },
    {
      "value": "-",
      "position": 5,
      "force_prefix": false,
      "force_prefix_search": false
    }
  ]
]
