conf_delete
[[[-22,0.0,0.0],"[conf][delete] key is missing"]]
#|e| [conf][delete] key is missing
