tokenize TokenBigramSplitSymbolAlpha "Hong Kong" NormalizerAuto --mode GET
[
  [
    0,
    0.0,
    0.0
  ],
  [
    {
      "value": "ho",
      "position": 0,
      "force_prefix": false,
      "force_prefix_search": false
    },
    {
      "value": "on",
      "position": 1,
      "force_prefix": false,
      "force_prefix_search": false
    },
    {
      "value": "ng",
      "position": 2,
      "force_prefix": false,
      "force_prefix_search": false
    },
    {
      "value": "g ",
      "position": 3,
      "force_prefix": false,
      "force_prefix_search": false
    },
    {
      "value": " k",
      "position": 4,
      "force_prefix": false,
      "force_prefix_search": false
    },
    {
      "value": "ko",
      "position": 5,
      "force_prefix": false,
      "force_prefix_search": false
    },
    {
      "value": "on",
      "position": 6,
      "force_prefix": false,
      "force_prefix_search": false
    },
    {
      "value": "ng",
      "position": 7,
      "force_prefix": false,
      "force_prefix_search": false
    }
  ]
]
