table_create Records TABLE_NO_KEY
[[0,0.0,0.0],true]
column_create Records value COLUMN_SCALAR Int8
[[0,0.0,0.0],true]
load --table Records
[
{"value": 1}
]
[[0,0.0,0.0],1]
#>select --output_columns "now()" --table "Records"
#:000000000000000 select(1)
#:000000000000000 output(1)
#:000000000000000 send(0)
#<000000000000000 rc=0
#>select --output_columns "now()" --table "Records"
#:000000000000000 select(1)
#:000000000000000 output(1)
#:000000000000000 send(0)
#<000000000000000 rc=0
