plugin_register sharding
[[0,0.0,0.0],true]
table_create Logs_20170315 TABLE_NO_KEY
[[0,0.0,0.0],true]
column_create Logs_20170315 timestamp COLUMN_SCALAR Time
[[0,0.0,0.0],true]
column_create Logs_20170315 price COLUMN_SCALAR UInt32
[[0,0.0,0.0],true]
column_create Logs_20170315 category COLUMN_SCALAR ShortText
[[0,0.0,0.0],true]
table_create Logs_20170316 TABLE_NO_KEY
[[0,0.0,0.0],true]
column_create Logs_20170316 timestamp COLUMN_SCALAR Time
[[0,0.0,0.0],true]
column_create Logs_20170316 price COLUMN_SCALAR UInt32
[[0,0.0,0.0],true]
column_create Logs_20170316 category COLUMN_SCALAR ShortText
[[0,0.0,0.0],true]
table_create Logs_20170317 TABLE_NO_KEY
[[0,0.0,0.0],true]
column_create Logs_20170317 timestamp COLUMN_SCALAR Time
[[0,0.0,0.0],true]
column_create Logs_20170317 price COLUMN_SCALAR UInt32
[[0,0.0,0.0],true]
column_create Logs_20170317 category COLUMN_SCALAR ShortText
[[0,0.0,0.0],true]
load --table Logs_20170315
[
{"timestamp": "2017/03/15 00:00:00", "price": 1000, "category": "X"},
{"timestamp": "2017/03/15 01:00:00", "price":  900, "category": "X"},
{"timestamp": "2017/03/15 02:00:00", "price":  300, "category": "X"}
]
[[0,0.0,0.0],3]
load --table Logs_20170316
[
{"timestamp": "2017/03/16 10:00:00", "price":  530, "category": "X"},
{"timestamp": "2017/03/16 11:00:00", "price":  520, "category": "X"},
{"timestamp": "2017/03/16 12:00:00", "price":  110, "category": "X"}
]
[[0,0.0,0.0],3]
load --table Logs_20170317
[
{"timestamp": "2017/03/17 20:00:00", "price":  800, "category": "X"},
{"timestamp": "2017/03/17 21:00:00", "price":  400, "category": "X"},
{"timestamp": "2017/03/17 22:00:00", "price":  300, "category": "X"}
]
[[0,0.0,0.0],3]
table_create Times TABLE_PAT_KEY Time
[[0,0.0,0.0],true]
column_create Times logs_20170315 COLUMN_INDEX Logs_20170315 timestamp
[[0,0.0,0.0],true]
column_create Times logs_20170316 COLUMN_INDEX Logs_20170316 timestamp
[[0,0.0,0.0],true]
column_create Times logs_20170317 COLUMN_INDEX Logs_20170317 timestamp
[[0,0.0,0.0],true]
log_level --level debug
[[0,0.0,0.0],true]
logical_range_filter Logs   --shard_key timestamp   --min "2017/03/15 01:00:00"   --min_border "include"   --max "2017/03/17 21:00:00"   --max_border "exclude"   --columns[initial_id].stage initial   --columns[initial_id].type UInt32   --columns[initial_id].flags COLUMN_SCALAR   --columns[initial_id].value 'window_sum(price)'   --columns[initial_id].window.group_keys 'category'   --output_columns _id,initial_id
[
  [
    0,
    0.0,
    0.0
  ],
  [
    [
      [
        "_id",
        "UInt32"
      ],
      [
        "initial_id",
        "UInt32"
      ]
    ],
    [
      2,
      1200
    ],
    [
      3,
      1200
    ],
    [
      1,
      1160
    ],
    [
      2,
      1160
    ],
    [
      3,
      1160
    ],
    [
      1,
      800
    ]
  ]
]
#|d| [logical_range_filter][select] <Logs_20170315>: dynamic columns are used
#|d| [logical_range_filter][select] <Logs_20170316>: dynamic columns are used
#|d| [logical_range_filter][select] <Logs_20170317>: dynamic columns are used
log_level --level notice
[[0,0.0,0.0],true]
