table_create Memos TABLE_NO_KEY
[[0,0.0,0.0],true]
column_create Memos content COLUMN_SCALAR Text
[[0,0.0,0.0],true]
table_create RegexpTokens TABLE_PAT_KEY ShortText   --default_tokenizer TokenRegexp
[[0,0.0,0.0],true]
column_create RegexpTokens memos_content COLUMN_INDEX|WITH_POSITION   Memos content
[[0,0.0,0.0],true]
load --table Memos
[
{"content": "alphabet: aXb"},
{"content": "space:    a b"},
{"content": "tab:      a\tb"},
{"content": "CR:       a\rb"},
{"content": "LF:       a\nb"},
{"content": "not match: ab"}
]
[[0,0.0,0.0],6]
select Memos --filter 'content @~ "a.b"'
[
  [
    0,
    0.0,
    0.0
  ],
  [
    [
      [
        5
      ],
      [
        [
          "_id",
          "UInt32"
        ],
        [
          "content",
          "Text"
        ]
      ],
      [
        1,
        "alphabet: aXb"
      ],
      [
        2,
        "space:    a b"
      ],
      [
        3,
        "tab:      a\tb"
      ],
      [
        4,
        "CR:       a\rb"
      ],
      [
        5,
        "LF:       a\nb"
      ]
    ]
  ]
]
