register token_filters/stop_word
[[0,0.0,0.0],true]
table_create Terms TABLE_PAT_KEY ShortText   --default_tokenizer TokenBigram   --normalizer NormalizerAuto   --token_filters "TokenFilterStopWord,TokenFilterNonexistent,TokenFilterStopWord"
[
  [
    [
      -22,
      0.0,
      0.0
    ],
    "[info][set][token-filters][Terms] failed to parse token filters: <TokenFilterStopWord,TokenFilterNonexistent,TokenFilterStopWor"
  ],
  false
]
#|e| [expr][parse] unknown identifier: <TokenFilterNonexistent>
#|e| Syntax error: <TokenFilterStopWord,TokenFilterNonexistent|,|TokenFilterStopWord>: [expr][parse] unknown identifier: <TokenFilterNonexistent>
#|e| [info][set][token-filters][Terms] failed to parse token filters: <TokenFilterStopWord,TokenFilterNonexistent,TokenFilterStopWord>: Syntax error: <TokenFilterStopWord,TokenFilterNonexistent|,|TokenFilterStopWord>: [expr][parse] unknown identifier: <TokenFilte
dump
plugin_register token_filters/stop_word
