table_create Numbers TABLE_NO_KEY
[[0,0.0,0.0],true]
column_create Numbers value COLUMN_SCALAR UInt64
[[0,0.0,0.0],true]
load --table Numbers
[
{"value": 18446744073709551615}
]
[[0,0.0,0.0],1]
select Numbers
[
  [
    0,
    0.0,
    0.0
  ],
  [
    [
      [
        1
      ],
      [
        [
          "_id",
          "UInt32"
        ],
        [
          "value",
          "UInt64"
        ]
      ],
      [
        1,
        18446744073709551615
      ]
    ]
  ]
]
