table_create Tags TABLE_DAT_KEY ShortText
[[0,0.0,0.0],true]
table_create Terms TABLE_PAT_KEY ShortText   --default_tokenizer TokenBigram   --normalizer NormalizerAuto
[[0,0.0,0.0],true]
column_create Terms tags_key COLUMN_INDEX|WITH_POSITION Tags _key
[[0,0.0,0.0],true]
load --table Tags
[
{"_key": "Great"}
]
[[0,0.0,0.0],1]
select Terms
[
  [
    0,
    0.0,
    0.0
  ],
  [
    [
      [
        1
      ],
      [
        [
          "_id",
          "UInt32"
        ],
        [
          "_key",
          "ShortText"
        ],
        [
          "tags_key",
          "UInt32"
        ]
      ],
      [
        1,
        "great",
        1
      ]
    ]
  ]
]
truncate Tags
[[0,0.0,0.0],true]
select Terms
[
  [
    0,
    0.0,
    0.0
  ],
  [
    [
      [
        1
      ],
      [
        [
          "_id",
          "UInt32"
        ],
        [
          "_key",
          "ShortText"
        ],
        [
          "tags_key",
          "UInt32"
        ]
      ],
      [
        1,
        "great",
        0
      ]
    ]
  ]
]
