table_create Users TABLE_HASH_KEY ShortText
[[0,0.0,0.0],true]
column_create Users name COLUMN_SCALAR ShortText
[[0,0.0,0.0],true]
load --table Users
[
{"_key": "alice",   "name": "Alice"},
{"_key": "bob",     "name": "Bob"},
{"_key": "charlie", "name": "Charlie"}
]
[[0,0.0,0.0],3]
database_reopen
[[0,0.0,0.0],true]
select Users
[
  [
    0,
    0.0,
    0.0
  ],
  [
    [
      [
        3
      ],
      [
        [
          "_id",
          "UInt32"
        ],
        [
          "_key",
          "ShortText"
        ],
        [
          "name",
          "ShortText"
        ]
      ],
      [
        1,
        "alice",
        "Alice"
      ],
      [
        2,
        "bob",
        "Bob"
      ],
      [
        3,
        "charlie",
        "Charlie"
      ]
    ]
  ]
]
