table_create Users TABLE_HASH_KEY ShortText
[[0,0.0,0.0],true]
column_create Users name COLUMN_SCALAR ShortText
[[0,0.0,0.0],true]
dump
table_create Users TABLE_HASH_KEY ShortText
column_create Users name COLUMN_SCALAR ShortText
table_remove Users
[[0,0.0,0.0],true]
#|n| DDL:256:obj_remove Users
#|n| DDL:257:obj_remove Users.name
dump
